// Jest Snapshot v1, https://goo.gl/fbAQLP

exports[`Movies Actions fetch get movies 1`] = `
Array [
  Object {
    "loading": true,
    "payload": "avengers",
    "type": "REQUEST_MOVIES",
  },
  Object {
    "keyword": "avengers",
    "loading": false,
    "movies": Array [
      Object {
        "Poster": "https://m.media-amazon.com/images/M/MV5BNDYxNjQyMjAtNTdiOS00NGYwLWFmNTAtNThmYjU5ZGI2YTI1XkEyXkFqcGdeQXVyMTMxODk2OTU@._V1_SX300.jpg",
        "Title": "The Avengers",
        "Type": "movie",
        "Year": "2012",
        "imdbID": "tt0848228",
      },
      Object {
        "Poster": "https://m.media-amazon.com/images/M/MV5BMTM4OGJmNWMtOTM4Ni00NTE3LTg3MDItZmQxYjc4N2JhNmUxXkEyXkFqcGdeQXVyNTgzMDMzMTg@._V1_SX300.jpg",
        "Title": "Avengers: Age of Ultron",
        "Type": "movie",
        "Year": "2015",
        "imdbID": "tt2395427",
      },
      Object {
        "Poster": "https://m.media-amazon.com/images/M/MV5BMjMxNjY2MDU1OV5BMl5BanBnXkFtZTgwNzY1MTUwNTM@._V1_SX300.jpg",
        "Title": "Avengers: Infinity War",
        "Type": "movie",
        "Year": "2018",
        "imdbID": "tt4154756",
      },
      Object {
        "Poster": "https://m.media-amazon.com/images/M/MV5BMTc5MDE2ODcwNV5BMl5BanBnXkFtZTgwMzI2NzQ2NzM@._V1_SX300.jpg",
        "Title": "Avengers: Endgame",
        "Type": "movie",
        "Year": "2019",
        "imdbID": "tt4154796",
      },
    ],
    "type": "RECEIVE_MOVIES",
  },
]
`;

exports[`Movies Actions fetch with error 1`] = `
Array [
  Object {
    "loading": true,
    "payload": undefined,
    "type": "REQUEST_MOVIES",
  },
  Object {
    "error": [Error: Bad Request],
    "loading": false,
    "type": "RECEIVE_ERROR",
  },
]
`;
